============================= test session starts =============================
platform win32 -- Python 3.11.13, pytest-9.1.1, pluggy-1.6.0
rootdir: C:\Temp\nirs4all-sdk148-20261009\source
configfile: pyproject.toml
collected 2 items

source\tests\integration\api\test_installed_studio_general.py ..         [100%]

============================== warnings summary ===============================
D:\nirs4all-release-qualification-20261007\strict-b345054ef9584759a3c1121e3658056b\application\resources\backend\python-runtime\python\Lib\site-packages\matplotlib\_fontconfig_pattern.py:64
  D:\nirs4all-release-qualification-20261007\strict-b345054ef9584759a3c1121e3658056b\application\resources\backend\python-runtime\python\Lib\site-packages\matplotlib\_fontconfig_pattern.py:64: PyparsingDeprecationWarning: 'oneOf' deprecated - use 'one_of'
    prop = Group((name + Suppress("=") + comma_separated(value)) | oneOf(_CONSTANTS))

D:\nirs4all-release-qualification-20261007\strict-b345054ef9584759a3c1121e3658056b\application\resources\backend\python-runtime\python\Lib\site-packages\matplotlib\_fontconfig_pattern.py:85
D:\nirs4all-release-qualification-20261007\strict-b345054ef9584759a3c1121e3658056b\application\resources\backend\python-runtime\python\Lib\site-packages\matplotlib\_fontconfig_pattern.py:85
D:\nirs4all-release-qualification-20261007\strict-b345054ef9584759a3c1121e3658056b\application\resources\backend\python-runtime\python\Lib\site-packages\matplotlib\_fontconfig_pattern.py:85
D:\nirs4all-release-qualification-20261007\strict-b345054ef9584759a3c1121e3658056b\application\resources\backend\python-runtime\python\Lib\site-packages\matplotlib\_fontconfig_pattern.py:85
D:\nirs4all-release-qualification-20261007\strict-b345054ef9584759a3c1121e3658056b\application\resources\backend\python-runtime\python\Lib\site-packages\matplotlib\_fontconfig_pattern.py:85
D:\nirs4all-release-qualification-20261007\strict-b345054ef9584759a3c1121e3658056b\application\resources\backend\python-runtime\python\Lib\site-packages\matplotlib\_fontconfig_pattern.py:85
  D:\nirs4all-release-qualification-20261007\strict-b345054ef9584759a3c1121e3658056b\application\resources\backend\python-runtime\python\Lib\site-packages\matplotlib\_fontconfig_pattern.py:85: PyparsingDeprecationWarning: 'parseString' deprecated - use 'parse_string'
    parse = parser.parseString(pattern)

D:\nirs4all-release-qualification-20261007\strict-b345054ef9584759a3c1121e3658056b\application\resources\backend\python-runtime\python\Lib\site-packages\matplotlib\_fontconfig_pattern.py:89
D:\nirs4all-release-qualification-20261007\strict-b345054ef9584759a3c1121e3658056b\application\resources\backend\python-runtime\python\Lib\site-packages\matplotlib\_fontconfig_pattern.py:89
D:\nirs4all-release-qualification-20261007\strict-b345054ef9584759a3c1121e3658056b\application\resources\backend\python-runtime\python\Lib\site-packages\matplotlib\_fontconfig_pattern.py:89
D:\nirs4all-release-qualification-20261007\strict-b345054ef9584759a3c1121e3658056b\application\resources\backend\python-runtime\python\Lib\site-packages\matplotlib\_fontconfig_pattern.py:89
D:\nirs4all-release-qualification-20261007\strict-b345054ef9584759a3c1121e3658056b\application\resources\backend\python-runtime\python\Lib\site-packages\matplotlib\_fontconfig_pattern.py:89
D:\nirs4all-release-qualification-20261007\strict-b345054ef9584759a3c1121e3658056b\application\resources\backend\python-runtime\python\Lib\site-packages\matplotlib\_fontconfig_pattern.py:89
  D:\nirs4all-release-qualification-20261007\strict-b345054ef9584759a3c1121e3658056b\application\resources\backend\python-runtime\python\Lib\site-packages\matplotlib\_fontconfig_pattern.py:89: PyparsingDeprecationWarning: 'resetCache' deprecated - use 'reset_cache'
    parser.resetCache()

-- Docs: https://docs.pytest.org/en/stable/how-to/capture-warnings.html
- generated xml file: C:\Temp\nirs4all-sdk148-20261009\windows-studio-junit.xml -
======================= 2 passed, 13 warnings in 14.28s =======================
